Parsed test spec with 2 sessions

starting permutation: s1_priority s2_priority s1_update s2_update s1_commit s2_rollback
step s1_priority: SET yb_transaction_priority_lower_bound = 0.6;
step s2_priority: SET yb_transaction_priority_upper_bound = 0.4;
step s1_update: UPDATE test SET v=5 where k=1;
step s2_update: UPDATE test SET v=6 where k=1;
ERROR:  Operation failed. Try again: ********-****-4***-****-************ Conflicts with higher priority transaction: ********-****-4***-****-************
step s1_commit: COMMIT;
step s2_rollback: ROLLBACK;
