--
-- CREATE_TABLE
--
--
-- CLASS DEFINITIONS
--
CREATE TABLE hobbies_r (
	name		text,
	person 		text
);
CREATE TABLE equipment_r (
	name 		text,
	hobby		text
);
CREATE TABLE onek (
	unique1		int4,
	unique2		int4,
	two			int4,
	four		int4,
	ten			int4,
	twenty		int4,
	hundred		int4,
	thousand	int4,
	twothousand	int4,
	fivethous	int4,
	tenthous	int4,
	odd			int4,
	even		int4,
	stringu1	name,
	stringu2	name,
	string4		name
);
CREATE TABLE tenk1 (
	unique1		int4,
	unique2		int4,
	two			int4,
	four		int4,
	ten			int4,
	twenty		int4,
	hundred		int4,
	thousand	int4,
	twothousand	int4,
	fivethous	int4,
	tenthous	int4,
	odd			int4,
	even		int4,
	stringu1	name,
	stringu2	name,
	string4		name
);
CREATE TABLE tenk2 (
	unique1 	int4,
	unique2 	int4,
	two 	 	int4,
	four 		int4,
	ten			int4,
	twenty 		int4,
	hundred 	int4,
	thousand 	int4,
	twothousand int4,
	fivethous 	int4,
	tenthous	int4,
	odd			int4,
	even		int4,
	stringu1	name,
	stringu2	name,
	string4		name
);
CREATE TABLE person (
	name 		text,
	age			int4,
	location 	point
);
CREATE TABLE emp (
	salary 		int4,
	manager 	name
) INHERITS (person);
ERROR:  INHERITS not supported yet
LINE 4: ) INHERITS (person);
          ^
HINT:  See https://github.com/yugabyte/yugabyte-db/issues/1129. React with thumbs up to raise its priority
CREATE TABLE student (
	gpa 		float8
) INHERITS (person);
ERROR:  INHERITS not supported yet
LINE 3: ) INHERITS (person);
          ^
HINT:  See https://github.com/yugabyte/yugabyte-db/issues/1129. React with thumbs up to raise its priority
CREATE TABLE stud_emp (
	percent 	int4
) INHERITS (emp, student);
ERROR:  INHERITS not supported yet
LINE 3: ) INHERITS (emp, student);
          ^
HINT:  See https://github.com/yugabyte/yugabyte-db/issues/1129. React with thumbs up to raise its priority
CREATE TABLE city (
	name		name,
	location 	box,
	budget 		city_budget
);
CREATE TABLE dept (
	dname		name,
	mgrname 	text
);
CREATE TABLE slow_emp4000 (
	home_base	 box
);
CREATE TABLE fast_emp4000 (
	home_base	 box
);
CREATE TABLE road (
	name		text,
	thepath 	path
);
CREATE TABLE ihighway () INHERITS (road);
ERROR:  INHERITS not supported yet
LINE 1: CREATE TABLE ihighway () INHERITS (road);
                                 ^
HINT:  See https://github.com/yugabyte/yugabyte-db/issues/1129. React with thumbs up to raise its priority
CREATE TABLE shighway (
	surface		text
) INHERITS (road);
ERROR:  INHERITS not supported yet
LINE 3: ) INHERITS (road);
          ^
HINT:  See https://github.com/yugabyte/yugabyte-db/issues/1129. React with thumbs up to raise its priority
CREATE TABLE real_city (
	pop			int4,
	cname		text,
	outline 	path
);
CREATE TABLE aggtest (
	a			int2,
	b			float4
);
CREATE TABLE array_op_test (
	seqno		int4,
	i			int4[],
	t			text[]
);
CREATE TABLE array_index_op_test (
	seqno		int4,
	i			int4[],
	t			text[]
);
CREATE TABLE testjsonb (
       j jsonb
);
-- TODO(jason): uncomment when issue #1975 is closed or closing.
-- CREATE TABLE unknowntab (
-- 	u unknown    -- fail
-- );
CREATE TYPE unknown_comptype AS (
	u unknown    -- fail
);
ERROR:  column "u" has pseudo-type unknown
CREATE TABLE IF NOT EXISTS test_tsvector(
	t text,
	a tsvector
);
CREATE TABLE IF NOT EXISTS test_tsvector(
	t text
);
NOTICE:  relation "test_tsvector" already exists, skipping
-- invalid: non-lowercase quoted reloptions identifiers
CREATE TABLE tas_case WITH ("Fillfactor" = 10) AS SELECT 1 a;
ERROR:  unrecognized parameter "Fillfactor"
CREATE TABLE tas_case (a text) WITH ("Oids" = true);
WARNING:  storage parameter Oids is unsupported, ignoring
ERROR:  unrecognized parameter "Oids"
CREATE UNLOGGED TABLE unlogged1 (a int primary key);			-- OK
ERROR:  UNLOGGED database object not supported yet
LINE 1: CREATE UNLOGGED TABLE unlogged1 (a int primary key);
               ^
HINT:  See https://github.com/yugabyte/yugabyte-db/issues/1129. React with thumbs up to raise its priority
CREATE TEMPORARY TABLE unlogged2 (a int primary key);			-- OK
SELECT relname, relkind, relpersistence FROM pg_class WHERE relname ~ '^unlogged\d' ORDER BY relname;
    relname     | relkind | relpersistence
----------------+---------+----------------
 unlogged2      | r       | t
 unlogged2_pkey | i       | t
(2 rows)

REINDEX INDEX unlogged2_pkey;
SELECT relname, relkind, relpersistence FROM pg_class WHERE relname ~ '^unlogged\d' ORDER BY relname;
    relname     | relkind | relpersistence
----------------+---------+----------------
 unlogged2      | r       | t
 unlogged2_pkey | i       | t
(2 rows)

DROP TABLE unlogged2;
CREATE TABLE pg_temp.implicitly_temp (a int primary key);		-- OK
CREATE TEMP TABLE explicitly_temp (a int primary key);			-- also OK
CREATE TEMP TABLE pg_temp.doubly_temp (a int primary key);		-- also OK
CREATE TEMP TABLE public.temp_to_perm (a int primary key);		-- not OK
ERROR:  cannot create temporary relation in non-temporary schema
LINE 1: CREATE TEMP TABLE public.temp_to_perm (a int primary key);
                          ^
